main.c:60:6:HAL_TIM_PeriodElapsedCallback	16	static
main.c:70:6:openValve1	8	static
main.c:75:6:openValve2	8	static
main.c:80:6:openValve3	8	static
main.c:85:6:turnonPump1	8	static
main.c:90:6:turnonPump2	8	static
main.c:95:6:idle	8	static
main.c:99:6:LedBlinky	8	static
main.c:102:6:System_Init	8	static
main.c:110:5:main	8	static
main.c:166:6:SystemClock_Config	72	static
main.c:202:13:MX_TIM2_Init	32	static
main.c:247:13:MX_GPIO_Init	32	static
main.c:277:6:Error_Handler	4	static,ignoring_inline_asm
